
> pika-plan-versionn-three@1.0.0 build
> next build

Γû▓ Next.js 16.2.1 (Turbopack)
- Environments: .env.local

  Creating an optimized production build ...
Γ£ô Compiled successfully in 21.6s
  Running TypeScript ...
  Finished TypeScript in 17.8s ...
  Collecting page data using 3 workers ...
  Generating static pages using 3 workers (0/16) ...
  Generating static pages using 3 workers (4/16) 
  Generating static pages using 3 workers (8/16) 
  Generating static pages using 3 workers (12/16) 
Γ£ô Generating static pages using 3 workers (16/16) in 2.8s
  Finalizing page optimization ...

Route (app)
Γöî Γùï /
Γö£ Γùï /_not-found
Γö£ Γùï /about
Γö£ ╞Æ /api/auth/[...nextauth]
Γö£ ╞Æ /api/auth/signup
Γö£ ╞Æ /api/dashboard
Γö£ ╞Æ /api/meal-plan
Γö£ ╞Æ /api/pricing
Γö£ ╞Æ /api/stripe/checkout
Γö£ ╞Æ /api/stripe/webhook
Γö£ ╞Æ /api/subscription/manage
Γö£ Γùï /contact
Γö£ Γùï /generator
Γö£ Γùï /pricing
Γö£ Γùï /privacy
Γöö Γùï /terms


Γùï  (Static)   prerendered as static content
╞Æ  (Dynamic)  server-rendered on demand

